[    0.000000] Linux version 4.15.0-212-generic (buildd@lcy02-amd64-083) (gcc version 7.5.0 (Ubuntu 7.5.0-3ubuntu1~18.04)) #223-Ubuntu SMP Tue May 23 13:09:22 UTC 2023 (Ubuntu 4.15.0-212.223-generic 4.15.18)
[    0.000000] Command line: BOOT_IMAGE=/boot/vmlinuz-4.15.0-212-generic root=LABEL=cloudimg-rootfs ro console=tty1 console=ttyS0
[    0.000000] KERNEL supported cpus:
[    0.000000]   Intel GenuineIntel
[    0.000000]   AMD AuthenticAMD
[    0.000000]   Centaur CentaurHauls
[    0.000000] x86/fpu: x87 FPU will use FXSAVE
[    0.000000] e820: BIOS-provided physical RAM map:
[    0.000000] BIOS-e820: [mem 0x0000000000000000-0x000000000009fbff] usable
[    0.000000] BIOS-e820: [mem 0x000000000009fc00-0x000000000009ffff] reserved
[    0.000000] BIOS-e820: [mem 0x00000000000f0000-0x00000000000fffff] reserved
[    0.000000] BIOS-e820: [mem 0x0000000000100000-0x000000001ffeffff] usable
[    0.000000] BIOS-e820: [mem 0x000000001fff0000-0x000000001fffffff] ACPI data
[    0.000000] BIOS-e820: [mem 0x00000000fec00000-0x00000000fec00fff] reserved
[    0.000000] BIOS-e820: [mem 0x00000000fee00000-0x00000000fee00fff] reserved
[    0.000000] BIOS-e820: [mem 0x00000000fffc0000-0x00000000ffffffff] reserved
[    0.000000] NX (Execute Disable) protection: active
[    0.000000] SMBIOS 2.5 present.
[    0.000000] DMI: innotek GmbH VirtualBox/VirtualBox, BIOS VirtualBox 12/01/2006
[    0.000000] Hypervisor detected: KVM
[    0.000000] e820: last_pfn = 0x1fff0 max_arch_pfn = 0x400000000
[    0.000000] x86/PAT: Configuration [0-7]: WB  WC  UC- UC  WB  WP  UC- WT  
[    0.000000] CPU MTRRs all blank - virtualized system.
[    0.000000] found SMP MP-table at [mem 0x0009fbf0-0x0009fbff]
[    0.000000] Scanning 1 areas for low memory corruption
[    0.000000] RAMDISK: [mem 0x1db01000-0x1ee12fff]
[    0.000000] ACPI: Early table checksum verification disabled
[    0.000000] ACPI: RSDP 0x00000000000E0000 000024 (v02 VBOX  )
[    0.000000] ACPI: XSDT 0x000000001FFF0030 00003C (v01 VBOX   VBOXXSDT 00000001 ASL  00000061)
[    0.000000] ACPI: FACP 0x000000001FFF00F0 0000F4 (v04 VBOX   VBOXFACP 00000001 ASL  00000061)
[    0.000000] ACPI: DSDT 0x000000001FFF0610 002353 (v02 VBOX   VBOXBIOS 00000002 INTL 20100528)
[    0.000000] ACPI: FACS 0x000000001FFF0200 000040
[    0.000000] ACPI: FACS 0x000000001FFF0200 000040
[    0.000000] ACPI: APIC 0x000000001FFF0240 000054 (v02 VBOX   VBOXAPIC 00000001 ASL  00000061)
[    0.000000] ACPI: SSDT 0x000000001FFF02A0 00036C (v01 VBOX   VBOXCPUT 00000002 INTL 20100528)
[    0.000000] ACPI: Reserving FACP table memory at [mem 0x1fff00f0-0x1fff01e3]
[    0.000000] ACPI: Reserving DSDT table memory at [mem 0x1fff0610-0x1fff2962]
[    0.000000] ACPI: Reserving FACS table memory at [mem 0x1fff0200-0x1fff023f]
[    0.000000] ACPI: Reserving FACS table memory at [mem 0x1fff0200-0x1fff023f]
[    0.000000] ACPI: Reserving APIC table memory at [mem 0x1fff0240-0x1fff0293]
[    0.000000] ACPI: Reserving SSDT table memory at [mem 0x1fff02a0-0x1fff060b]
[    0.000000] No NUMA configuration found
[    0.000000] Faking a node at [mem 0x0000000000000000-0x000000001ffeffff]
[    0.000000] NODE_DATA(0) allocated [mem 0x1ffc5000-0x1ffeffff]
[    0.000000] kvm-clock: cpu 0, msr 0:1ff44001, primary cpu clock
[    0.000000] kvm-clock: Using msrs 4b564d01 and 4b564d00
[    0.000000] kvm-clock: using sched offset of 3666768637 cycles
[    0.000000] clocksource: kvm-clock: mask: 0xffffffffffffffff max_cycles: 0x1cd42e4dffb, max_idle_ns: 881590591483 ns
[    0.000000] Zone ranges:
[    0.000000]   DMA      [mem 0x0000000000001000-0x0000000000ffffff]
[    0.000000]   DMA32    [mem 0x0000000001000000-0x000000001ffeffff]
[    0.000000]   Normal   empty
[    0.000000]   Device   empty
[    0.000000] Movable zone start for each node
[    0.000000] Early memory node ranges
[    0.000000]   node   0: [mem 0x0000000000001000-0x000000000009efff]
[    0.000000]   node   0: [mem 0x0000000000100000-0x000000001ffeffff]
[    0.000000] Reserved but unavailable: 104 pages
[    0.000000] Initmem setup node 0 [mem 0x0000000000001000-0x000000001ffeffff]
[    0.000000] ACPI: PM-Timer IO Port: 0x4008
[    0.000000] IOAPIC[0]: apic_id 1, version 32, address 0xfec00000, GSI 0-23
[    0.000000] ACPI: INT_SRC_OVR (bus 0 bus_irq 0 global_irq 2 dfl dfl)
[    0.000000] ACPI: INT_SRC_OVR (bus 0 bus_irq 9 global_irq 9 low level)
[    0.000000] Using ACPI (MADT) for SMP configuration information
[    0.000000] smpboot: Allowing 1 CPUs, 0 hotplug CPUs
[    0.000000] PM: Registered nosave memory: [mem 0x00000000-0x00000fff]
[    0.000000] PM: Registered nosave memory: [mem 0x0009f000-0x0009ffff]
[    0.000000] PM: Registered nosave memory: [mem 0x000a0000-0x000effff]
[    0.000000] PM: Registered nosave memory: [mem 0x000f0000-0x000fffff]
[    0.000000] e820: [mem 0x20000000-0xfebfffff] available for PCI devices
[    0.000000] Booting paravirtualized kernel on KVM
[    0.000000] clocksource: refined-jiffies: mask: 0xffffffff max_cycles: 0xffffffff, max_idle_ns: 7645519600211568 ns
[    0.000000] setup_percpu: NR_CPUS:8192 nr_cpumask_bits:1 nr_cpu_ids:1 nr_node_ids:1
[    0.000000] percpu: Embedded 50 pages/cpu s167936 r8192 d28672 u2097152
[    0.000000] PV qspinlock hash table entries: 256 (order: 0, 4096 bytes)
[    0.000000] Built 1 zonelists, mobility grouping on.  Total pages: 128889
[    0.000000] Policy zone: DMA32
[    0.000000] Kernel command line: BOOT_IMAGE=/boot/vmlinuz-4.15.0-212-generic root=LABEL=cloudimg-rootfs ro console=tty1 console=ttyS0
[    0.000000] Memory: 466748K/523832K available (12300K kernel code, 2477K rwdata, 4324K rodata, 2480K init, 2720K bss, 57084K reserved, 0K cma-reserved)
[    0.000000] SLUB: HWalign=64, Order=0-3, MinObjects=0, CPUs=1, Nodes=1
[    0.000000] ftrace: allocating 39508 entries in 155 pages
[    0.004000] Hierarchical RCU implementation.
[    0.004000] 	RCU restricting CPUs from NR_CPUS=8192 to nr_cpu_ids=1.
[    0.004000] 	Tasks RCU enabled.
[    0.004000] RCU: Adjusting geometry for rcu_fanout_leaf=16, nr_cpu_ids=1
[    0.004000] NR_IRQS: 524544, nr_irqs: 256, preallocated irqs: 16
[    0.004000] random: crng init done
[    0.004000] Console: colour VGA+ 80x25
[    0.004000] console [tty1] enabled
[    0.004000] console [ttyS0] enabled
[    0.004000] ACPI: Core revision 20170831
[    0.004000] ACPI: 2 ACPI AML tables successfully acquired and loaded
[    0.004000] APIC: Switch to symmetric I/O mode setup
[    0.008000] ..TIMER: vector=0x30 apic1=0 pin1=2 apic2=-1 pin2=-1
[    0.008006] tsc: Detected 2688.010 MHz processor
[    0.012034] Calibrating delay loop (skipped) preset value.. 5376.02 BogoMIPS (lpj=10752040)
[    0.016004] pid_max: default: 32768 minimum: 301
[    0.020032] Security Framework initialized
[    0.024004] Yama: becoming mindful.
[    0.028021] AppArmor: AppArmor initialized
[    0.032079] Dentry cache hash table entries: 65536 (order: 7, 524288 bytes)
[    0.036036] Inode-cache hash table entries: 32768 (order: 6, 262144 bytes)
[    0.040015] Mount-cache hash table entries: 1024 (order: 1, 8192 bytes)
[    0.044008] Mountpoint-cache hash table entries: 1024 (order: 1, 8192 bytes)
[    0.053031] Last level iTLB entries: 4KB 0, 2MB 0, 4MB 0
[    0.056003] Last level dTLB entries: 4KB 0, 2MB 0, 4MB 0, 1GB 0
[    0.060005] Spectre V1 : Mitigation: usercopy/swapgs barriers and __user pointer sanitization
[    0.064004] Spectre V2 : Mitigation: Enhanced IBRS
[    0.068003] Spectre V2 : Spectre v2 / SpectreRSB mitigation: Filling RSB on context switch
[    0.072004] Spectre V2 : Spectre v2 / PBRSB-eIBRS: Retire a single CALL on VMEXIT
[    0.076003] RETBleed: Mitigation: Enhanced IBRS
[    0.080003] Speculative Store Bypass: Vulnerable
[    0.092000] Freeing SMP alternatives memory: 36K
[    0.200502] smpboot: CPU0: 12th Gen Intel(R) Core(TM) i7-12650H (family: 0x6, model: 0x9a, stepping: 0x3)
[    0.204082] Performance Events: unsupported p6 CPU model 154 no PMU driver, software events only.
[    0.208034] Hierarchical SRCU implementation.
[    0.212133] NMI watchdog: Perf event create on CPU 0 failed with -2
[    0.214646] NMI watchdog: Perf NMI watchdog permanently disabled
[    0.216029] smp: Bringing up secondary CPUs ...
[    0.220002] smp: Brought up 1 node, 1 CPU
[    0.224004] smpboot: Max logical packages: 1
[    0.228004] smpboot: Total of 1 processors activated (5376.02 BogoMIPS)
[    0.232142] devtmpfs: initialized
[    0.236146] x86/mm: Memory block size: 128MB
[    0.240124] evm: security.selinux
[    0.244012] evm: security.SMACK64
[    0.248005] evm: security.SMACK64EXEC
[    0.252004] evm: security.SMACK64TRANSMUTE
[    0.256003] evm: security.SMACK64MMAP
[    0.260003] evm: security.apparmor
[    0.264003] evm: security.ima
[    0.268003] evm: security.capability
[    0.272124] clocksource: jiffies: mask: 0xffffffff max_cycles: 0xffffffff, max_idle_ns: 7645041785100000 ns
[    0.276014] futex hash table entries: 256 (order: 2, 16384 bytes)
[    0.280045] pinctrl core: initialized pinctrl subsystem
[    0.284548] RTC time:  0:56:40, date: 11/11/24
[    0.288141] NET: Registered protocol family 16
[    0.292061] audit: initializing netlink subsys (disabled)
[    0.296118] cpuidle: using governor ladder
[    0.300008] audit: type=2000 audit(1731286605.538:1): state=initialized audit_enabled=0 res=1
[    0.304008] cpuidle: using governor menu
[    0.308053] ACPI: bus type PCI registered
[    0.312008] acpiphp: ACPI Hot Plug PCI Controller Driver version: 0.5
[    0.316203] PCI: Using configuration type 1 for base access
[    0.320698] HugeTLB registered 2.00 MiB page size, pre-allocated 0 pages
[    0.324118] ACPI: Added _OSI(Module Device)
[    0.328004] ACPI: Added _OSI(Processor Device)
[    0.329927] ACPI: Added _OSI(3.0 _SCP Extensions)
[    0.332003] ACPI: Added _OSI(Processor Aggregator Device)
[    0.334180] ACPI: Added _OSI(Linux-Dell-Video)
[    0.336015] ACPI: Added _OSI(Linux-Lenovo-NV-HDMI-Audio)
[    0.338280] ACPI: Added _OSI(Linux-HPI-Hybrid-Graphics)
[    0.340407] ACPI: Executed 1 blocks of module-level executable AML code
[    0.348178] ACPI: Interpreter enabled
[    0.349950] ACPI: (supports S0 S5)
[    0.351924] ACPI: Using IOAPIC for interrupt routing
[    0.352549] PCI: Using host bridge windows from ACPI; if necessary, use "pci=nocrs" and report a bug
[    0.356351] ACPI: Enabled 2 GPEs in block 00 to 07
[    0.375477] ACPI: PCI Root Bridge [PCI0] (domain 0000 [bus 00-ff])
[    0.376019] acpi PNP0A03:00: _OSC: OS supports [ASPM ClockPM Segments MSI]
[    0.384792] acpi PNP0A03:00: _OSC: not requesting OS control; OS requires [ExtendedConfig ASPM ClockPM MSI]
[    0.388027] acpi PNP0A03:00: fail to add MMCONFIG information, can't access extended PCI configuration space under this bridge.
[    0.393030] PCI host bridge to bus 0000:00
[    0.396006] pci_bus 0000:00: root bus resource [io  0x0000-0x0cf7 window]
[    0.400005] pci_bus 0000:00: root bus resource [io  0x0d00-0xffff window]
[    0.404005] pci_bus 0000:00: root bus resource [mem 0x000a0000-0x000bffff window]
[    0.408005] pci_bus 0000:00: root bus resource [mem 0x20000000-0xfdffffff window]
[    0.412005] pci_bus 0000:00: root bus resource [bus 00-ff]
[    0.420286] pci 0000:00:01.1: legacy IDE quirk: reg 0x10: [io  0x01f0-0x01f7]
[    0.423165] pci 0000:00:01.1: legacy IDE quirk: reg 0x14: [io  0x03f6]
[    0.424004] pci 0000:00:01.1: legacy IDE quirk: reg 0x18: [io  0x0170-0x0177]
[    0.428004] pci 0000:00:01.1: legacy IDE quirk: reg 0x1c: [io  0x0376]
[    0.461156] pci 0000:00:07.0: quirk: [io  0x4000-0x403f] claimed by PIIX4 ACPI
[    0.464055] pci 0000:00:07.0: quirk: [io  0x4100-0x410f] claimed by PIIX4 SMB
[    0.484189] ACPI: PCI Interrupt Link [LNKA] (IRQs 5 9 10 *11)
[    0.488797] ACPI: PCI Interrupt Link [LNKB] (IRQs 5 9 *10 11)
[    0.492321] ACPI: PCI Interrupt Link [LNKC] (IRQs 5 *9 10 11)
[    0.496311] ACPI: PCI Interrupt Link [LNKD] (IRQs 5 9 10 *11)
[    0.500478] SCSI subsystem initialized
[    0.504130] pci 0000:00:02.0: vgaarb: setting as boot VGA device
[    0.508000] pci 0000:00:02.0: vgaarb: VGA device added: decodes=io+mem,owns=io+mem,locks=none
[    0.508006] pci 0000:00:02.0: vgaarb: bridge control possible
[    0.512003] vgaarb: loaded
[    0.516035] ACPI: bus type USB registered
[    0.520019] usbcore: registered new interface driver usbfs
[    0.524015] usbcore: registered new interface driver hub
[    0.528017] usbcore: registered new device driver usb
[    0.532065] EDAC MC: Ver: 3.0.0
[    0.537065] PCI: Using ACPI for IRQ routing
[    0.541092] NetLabel: Initializing
[    0.544004] NetLabel:  domain hash size = 128
[    0.548003] NetLabel:  protocols = UNLABELED CIPSOv4 CALIPSO
[    0.552032] NetLabel:  unlabeled traffic allowed by default
[    0.556154] clocksource: Switched to clocksource kvm-clock
[    0.624074] VFS: Disk quotas dquot_6.6.0
[    0.633034] VFS: Dquot-cache hash table entries: 512 (order 0, 4096 bytes)
[    0.642964] AppArmor: AppArmor Filesystem Enabled
[    0.650398] pnp: PnP ACPI init
[    0.657452] pnp: PnP ACPI: found 3 devices
[    0.669787] clocksource: acpi_pm: mask: 0xffffff max_cycles: 0xffffff, max_idle_ns: 2085701024 ns
[    0.681686] NET: Registered protocol family 2
[    0.686103] IP idents hash table entries: 8192 (order: 4, 65536 bytes)
[    0.689413] TCP established hash table entries: 4096 (order: 3, 32768 bytes)
[    0.697617] TCP bind hash table entries: 4096 (order: 4, 65536 bytes)
[    0.706528] TCP: Hash tables configured (established 4096 bind 4096)
[    0.715001] UDP hash table entries: 256 (order: 1, 8192 bytes)
[    0.717846] UDP-Lite hash table entries: 256 (order: 1, 8192 bytes)
[    0.720495] NET: Registered protocol family 1
[    0.722323] pci 0000:00:00.0: Limiting direct PCI/PCI transfers
[    0.729016] pci 0000:00:01.0: Activating ISA DMA hang workarounds
[    0.737171] pci 0000:00:02.0: Video device with shadowed ROM at [mem 0x000c0000-0x000dffff]
[    0.748874] Unpacking initramfs...
[    1.396694] Freeing initrd memory: 19528K
[    1.406526] clocksource: tsc: mask: 0xffffffffffffffff max_cycles: 0x26beffa22e4, max_idle_ns: 440795217853 ns
[    1.420270] platform rtc_cmos: registered platform RTC device (no PNP device found)
[    1.430607] Scanning for low memory corruption every 60 seconds
[    1.439519] Initialise system trusted keyrings
[    1.445638] Key type blacklist registered
[    1.451238] workingset: timestamp_bits=36 max_order=17 bucket_order=0
[    1.463517] zbud: loaded
[    1.468745] squashfs: version 4.0 (2009/01/31) Phillip Lougher
[    1.477779] fuse init (API version 7.26)
[    1.487181] Key type asymmetric registered
[    1.492788] Asymmetric key parser 'x509' registered
[    1.500063] Block layer SCSI generic (bsg) driver version 0.4 loaded (major 246)
[    1.509912] io scheduler noop registered
[    1.515342] io scheduler deadline registered
[    1.521481] io scheduler cfq registered (default)
[    1.528522] ACPI: AC Adapter [AC] (on-line)
[    1.534157] input: Power Button as /devices/LNXSYSTM:00/LNXPWRBN:00/input/input0
[    1.544413] ACPI: Power Button [PWRF]
[    1.549672] input: Sleep Button as /devices/LNXSYSTM:00/LNXSLPBN:00/input/input1
[    1.559743] ACPI: Sleep Button [SLPF]
[    1.567037] ACPI: Battery Slot [BAT0] (battery present)
[    1.574214] Serial: 8250/16550 driver, 32 ports, IRQ sharing enabled
[    1.617982] 00:02: ttyS0 at I/O 0x3f8 (irq = 4, base_baud = 115200) is a 16550A
[    1.632386] Linux agpgart interface v0.103
[    1.641359] loop: module loaded
[    1.648207] scsi host0: ata_piix
[    1.652647] scsi host1: ata_piix
[    1.657576] ata1: PATA max UDMA/33 cmd 0x1f0 ctl 0x3f6 bmdma 0xd000 irq 14
[    1.666693] ata2: PATA max UDMA/33 cmd 0x170 ctl 0x376 bmdma 0xd008 irq 15
[    1.681694] tun: Universal TUN/TAP device driver, 1.6
[    1.683870] PPP generic driver version 2.4.2
[    1.685893] ehci_hcd: USB 2.0 'Enhanced' Host Controller (EHCI) Driver
[    1.688859] ehci-pci: EHCI PCI platform driver
[    1.691302] ehci-platform: EHCI generic platform driver
[    1.698489] ohci_hcd: USB 1.1 'Open' Host Controller (OHCI) Driver
[    1.706751] ohci-pci: OHCI PCI platform driver
[    1.712772] ohci-platform: OHCI generic platform driver
[    1.719865] uhci_hcd: USB Universal Host Controller Interface driver
[    1.728407] i8042: PNP: PS/2 Controller [PNP0303:PS2K,PNP0f03:PS2M] at 0x60,0x64 irq 1,12
[    1.745542] serio: i8042 KBD port at 0x60,0x64 irq 1
[    1.752718] serio: i8042 AUX port at 0x60,0x64 irq 12
[    1.759723] mousedev: PS/2 mouse device common for all mice
[    1.769279] input: AT Translated Set 2 keyboard as /devices/platform/i8042/serio0/input/input2
[    1.782432] rtc_cmos rtc_cmos: rtc core: registered rtc_cmos as rtc0
[    1.791857] rtc_cmos rtc_cmos: alarms up to one day, 114 bytes nvram
[    1.800985] i2c /dev entries driver
[    1.805624] device-mapper: uevent: version 1.0.3
[    1.812205] device-mapper: ioctl: 4.37.0-ioctl (2017-09-20) initialised: dm-devel@redhat.com
[    1.823475] ledtrig-cpu: registered to indicate activity on CPUs
[    1.832468] NET: Registered protocol family 10
[    1.918129] Segment Routing with IPv6
[    1.923236] NET: Registered protocol family 17
[    1.929705] Key type dns_resolver registered
[    1.935957] mce: Using 0 MCE banks
[    1.940607] RAS: Correctable Errors collector initialized.
[    1.948125] sched_clock: Marking stable (1948029562, 0)->(3117483621, -1169454059)
[    1.958176] registered taskstats version 1
[    1.963483] Loading compiled-in X.509 certificates
[    1.974285] Loaded X.509 cert 'Build time autogenerated kernel key: b5b26778eaa3ab3a4a6cee031137706e947d12ad'
[    1.987926] Loaded X.509 cert 'Canonical Ltd. Live Patch Signing: 14df34d1a87cf37625abec039ef2bf521249b969'
[    2.001256] Loaded X.509 cert 'Canonical Ltd. Kernel Module Signing: 88f752e560a1e0737e31163a466ad7b70a850c19'
[    2.008557] blacklist: Loading compiled-in revocation X.509 certificates
[    2.011522] Loaded X.509 cert 'Canonical Ltd. Secure Boot Signing: 61482aa2830d0ab2ad5af10b7250da9033ddcef0'
[    2.015906] Loaded X.509 cert 'Canonical Ltd. Secure Boot Signing (2017): 242ade75ac4a15e50d50c84b0d45ff3eae707a03'
[    2.029104] Loaded X.509 cert 'Canonical Ltd. Secure Boot Signing (ESM 2018): 365188c1d374d6b07c3c8f240f8ef722433d6a8b'
[    2.043538] Loaded X.509 cert 'Canonical Ltd. Secure Boot Signing (2019): c0746fd6c5da3ae827864651ad66ae47fe24b3e8'
[    2.058288] Loaded X.509 cert 'Canonical Ltd. Secure Boot Signing (2021 v1): a8d54bbb3825cfb94fa13c9f8a594a195c107b8d'
[    2.074133] Loaded X.509 cert 'Canonical Ltd. Secure Boot Signing (2021 v2): 4cf046892d6fd3c9a5b03f98d845f90851dc6a8c'
[    2.088629] Loaded X.509 cert 'Canonical Ltd. Secure Boot Signing (2021 v3): 100437bb6de6e469b581e61cd66bce3ef4ed53af'
[    2.103581] Loaded X.509 cert 'Canonical Ltd. Secure Boot Signing (Ubuntu Core 2019): c1d57b8f6b743f23ee41f4f7ee292f06eecadfb9'
[    2.118959] zswap: loaded using pool lzo/zbud
[    2.134620] Key type big_key registered
[    2.141018] Key type trusted registered
[    2.151680] Key type encrypted registered
[    2.158493] AppArmor: AppArmor sha1 policy hashing enabled
[    2.172253] ima: No TPM chip found, activating TPM-bypass! (rc=-19)
[    2.181525] ima: Allocated hash algorithm: sha1
[    2.188191] evm: HMAC attrs: 0x1
[    2.193770]   Magic number: 0:744:910
[    2.199201] rtc_cmos rtc_cmos: setting system clock to 2024-11-11 00:56:43 UTC (1731286603)
[    2.211671] BIOS EDD facility v0.16 2004-Jun-25, 0 devices found
[    2.219505] EDD information not available.
[    2.228099] Freeing unused kernel image memory: 2480K
[    2.240451] Write protecting the kernel read-only data: 20480k
[    2.247141] Freeing unused kernel image memory: 2008K
[    2.254252] Freeing unused kernel image memory: 1820K
[    2.265719] x86/mm: Checked W+X mappings: passed, no W+X pages found.
Loading, please wait...
starting version 237
[    2.385091] e1000: Intel(R) PRO/1000 Network Driver - version 7.3.21-k8-NAPI
[    2.388701] e1000: Copyright (c) 1999-2006 Intel Corporation.
[    2.398595] Fusion MPT base driver 3.04.20
[    2.404216] Copyright (c) 1999-2008 LSI Corporation
[    2.436148] SSE version of gcm_enc/dec engaged.
[    2.481365] Fusion MPT SPI Host driver 3.04.20
[    2.674944] input: ImExPS/2 Generic Explorer Mouse as /devices/platform/i8042/serio1/input/input4
[    3.312818] e1000 0000:00:03.0 eth0: (PCI:33MHz:32-bit) 02:3b:7b:b7:3b:2d
[    3.322477] e1000 0000:00:03.0 eth0: Intel(R) PRO/1000 Network Connection
[    3.328741] mptbase: ioc0: Initiating bringup
[    3.437767] ioc0: LSI53C1030 A0: Capabilities={Initiator}
[    3.684504] scsi host2: ioc0: LSI53C1030 A0, FwRev=00000000h, Ports=1, MaxQ=256, IRQ=20
[    3.858182] scsi 2:0:0:0: Direct-Access     VBOX     HARDDISK         1.0  PQ: 0 ANSI: 5
[    3.864797] scsi target2:0:0: Beginning Domain Validation
[    3.870903] scsi target2:0:0: Domain Validation skipping write tests
[    3.873569] scsi target2:0:0: Ending Domain Validation
[    3.875896] scsi target2:0:0: asynchronous
[    3.880155] scsi 2:0:1:0: Direct-Access     VBOX     HARDDISK         1.0  PQ: 0 ANSI: 5
[    3.883344] scsi target2:0:1: Beginning Domain Validation
[    3.887945] scsi target2:0:1: Domain Validation skipping write tests
[    3.891046] scsi target2:0:1: Ending Domain Validation
[    3.893745] scsi target2:0:1: asynchronous
[    3.934121] sd 2:0:0:0: [sda] 83886080 512-byte logical blocks: (42.9 GB/40.0 GiB)
[    3.944965] sd 2:0:0:0: Attached scsi generic sg0 type 0
[    3.963629] sd 2:0:1:0: [sdb] 20480 512-byte logical blocks: (10.5 MB/10.0 MiB)
[    3.973623] sd 2:0:1:0: Attached scsi generic sg1 type 0
[    3.981451] sd 2:0:0:0: [sda] Write Protect is off
[    3.998445] sd 2:0:1:0: [sdb] Write Protect is off
[    4.005517] sd 2:0:0:0: [sda] Incomplete mode parameter data
[    4.012903] sd 2:0:0:0: [sda] Assuming drive cache: write through
[    4.021535] sd 2:0:1:0: [sdb] Incomplete mode parameter data
[    4.029085] sd 2:0:1:0: [sdb] Assuming drive cache: write through
[    4.063584]  sda: sda1
[    4.081754] sd 2:0:1:0: [sdb] Attached SCSI disk
[    4.089618] sd 2:0:0:0: [sda] Attached SCSI disk
[    4.779406] e1000 0000:00:08.0 eth1: (PCI:33MHz:32-bit) 08:00:27:39:e6:e5
[    4.788865] e1000 0000:00:08.0 eth1: Intel(R) PRO/1000 Network Connection
[    4.799754] e1000 0000:00:08.0 enp0s8: renamed from eth1
[    4.821049] e1000 0000:00:03.0 enp0s3: renamed from eth0
Begin: Loading essential drivers ... [    6.300366] raid6: sse2x1   gen() 12312 MB/s
[    6.352202] raid6: sse2x1   xor()  6735 MB/s
[    6.404157] raid6: sse2x2   gen() 15178 MB/s
[    6.476088] raid6: sse2x2   xor() 10451 MB/s
[    6.528079] raid6: sse2x4   gen() 16109 MB/s
[    6.580113] raid6: sse2x4   xor()  8280 MB/s
[    6.586507] raid6: using algorithm sse2x4 gen() 16109 MB/s
[    6.593613] raid6: .... xor() 8280 MB/s, rmw enabled
[    6.600849] raid6: using ssse3x2 recovery algorithm
[    6.608694] xor: measuring software checksum speed
[    6.716201]    prefetch64-sse: 44061.000 MB/sec
[    6.829134]    generic_sse: 41454.000 MB/sec
[    6.836184] xor: using function: prefetch64-sse (44061.000 MB/sec)
[    6.845768] async_tx: api initialized (async)
done.
Begin: Running /scripts/init-premount ... done.
Begin: Mounting root file system ... Begin: Running /scripts/local-top ... done.
Begin: Running /scripts/local-premount ... [    6.929757] Btrfs loaded, crc32c=crc32c-intel
Scanning for Btrfs filesystems
done.
Warning: fsck not present, so skipping root file system
[    6.989656] EXT4-fs (sda1): mounted filesystem with ordered data mode. Opts: (null)
done.
Begin: Running /scripts/local-bottom ... done.
Begin: Running /scripts/init-bottom ... done.
[    7.159292] ip_tables: (C) 2000-2006 Netfilter Core Team
[    7.169738] systemd[1]: systemd 237 running in system mode. (+PAM +AUDIT +SELINUX +IMA +APPARMOR +SMACK +SYSVINIT +UTMP +LIBCRYPTSETUP +GCRYPT +GNUTLS +ACL +XZ +LZ4 +SECCOMP +BLKID +ELFUTILS +KMOD -IDN2 +IDN -PCRE2 default-hierarchy=hybrid)
[    7.178675] systemd[1]: Detected virtualization oracle.
[    7.181433] systemd[1]: Detected architecture x86-64.

Welcome to [1mUbuntu 18.04.6 LTS[0m!

[    7.194565] systemd[1]: Set hostname to <ubuntu>.
[    7.199737] systemd[1]: Initializing machine ID from random generator.
[    7.202539] systemd[1]: Installed transient /etc/machine-id file.
[    7.419956] systemd[1]: Started Forward Password Requests to Wall Directory Watch.
[[0;32m  OK  [0m] Started Forward Password Requests to Wall Directory Watch.
[    7.426737] systemd[1]: Created slice User and Session Slice.
[[0;32m  OK  [0m] Created slice User and Session Slice.
[    7.433033] systemd[1]: Reached target Mounting snaps.
[[0;32m  OK  [0m] Reached target Mounting snaps.
[    7.445387] systemd[1]: Reached target System Time Synchronized.
[[0;32m  OK  [0m] Reached target System Time Synchronized.
[[0;32m  OK  [0m] Reached target User and Group Name Lookups.
[[0;32m  OK  [0m] Reached target Swap.
[[0;32m  OK  [0m] Reached target Mounted snaps.
[[0;32m  OK  [0m] Set up automount Arbitrary Executabâ€¦rmats File System Automount Point.
[[0;32m  OK  [0m] Created slice System Slice.
[[0;32m  OK  [0m] Listening on fsck to fsckd communication Socket.
[[0;32m  OK  [0m] Listening on LVM2 poll daemon socket.
[[0;32m  OK  [0m] Listening on Network Service Netlink Socket.
[[0;32m  OK  [0m] Listening on Journal Socket (/dev/log).
[[0;32m  OK  [0m] Listening on Journal Audit Socket.
[[0;32m  OK  [0m] Listening on udev Control Socket.
[[0;32m  OK  [0m] Listening on Syslog Socket.
[[0;32m  OK  [0m] Listening on Journal Socket.
         Mounting POSIX Message Queue File System...
         Mounting Kernel Debug File System...
         Starting Set the console keyboard layout...
         Starting Create list of required stâ€¦ce nodes for the current kernel...
         Starting Journal Service...
         Starting Load Kernel Modules...
         Mounting Huge Pages File System...
[[0;32m  OK  [0m] Listening on /dev/initctl Compatibility Named Pipe.
[[0;32m  OK  [0m] Listening on Device-mapper event daemon FIFOs.
[[0;32m  OK  [0m] [    7.593208] Loading iSCSI transport class v2.0-870.
Listening on LVM2 metadata daemon socket.
[    7.600685] iscsi: registered transport (tcp)
         Starting Monitoring of LVM2 mirrorsâ€¦ng dmeventd or progress polling...
[[0;32m  OK  [0m] Listening on udev Kernel Socket.
         Starting udev Coldplug all Devices...
         Starting File System Check on Root Device...
[[0;32m  OK  [0m] Created slice system-serial\x2dgetty.slice.
         Starting Uncomplicated firewall...
[[0;32m  OK  [0m] Reached target Slices.
[[0;32m  OK  [0m] Started Journal Service.
[[0;32m  OK  [0m] Mounted POSIX Message Queue File System.
[    7.659918] iscsi: registered transport (iser)
[[0;32m  OK  [0m] Mounted Kernel Debug File System.
[[0;32m  OK  [0m] Started Create list of required staâ€¦vice nodes for the current kernel.
[[0;32m  OK  [0m] Started Load Kernel Modules.
[[0;32m  OK  [0m] Mounted Huge Pages File System.
[[0;32m  OK  [0m] Started File System Check Daemon to report status.
[[0;32m  OK  [0m] Started LVM2 metadata daemon.
         Mounting Kernel Configuration File System...
         Mounting FUSE Control File System...
         Starting Apply Kernel Variables...
         Starting Create Static Device Nodes in /dev...
[[0;32m  OK  [0m] Started Monitoring of LVM2 mirrors,â€¦sing dmeventd or progress polling.
[[0;32m  OK  [0m] Started Uncomplicated firewall.
[[0;32m  OK  [0m] Mounted Kernel Configuration File System.
[[0;32m  OK  [0m] Mounted FUSE Control File System.
[[0;32m  OK  [0m] Started udev Coldplug all Devices.
[[0;32m  OK  [0m] Started File System Check on Root Device.
         Starting Remount Root and Kernel File Systems...
[[0;32m  OK  [0m] Started Create Static Device Nodes in /dev.
[[0;32m  OK  [0m] Started Apply Kernel Variables.
[[0;32m  OK  [0m] Started Remount Root and Kernel File Systems.
         Starting Load/Save Random Seed...
         Starting udev Kernel Device Manager...
         Starting Flush Journal to Persistent Storage...
[[0;32m  OK  [0m] Started Load/Save Random Seed.
[[0;32m  OK  [0m] Started udev Kernel Device Manager.
[[0;32m  OK  [0m] Started Flush Journal to Persistent Storage.
[[0;32m  OK  [0m] Found device /dev/ttyS0.
[[0;32m  OK  [0m] Listening on Load/Save RF Kill Switch Status /dev/rfkill Watch.
[[0;32m  OK  [0m] Started Set the console keyboard layout.
         Mounting Arbitrary Executable File Formats File System...
[[0;32m  OK  [0m] Started Dispatch Password Requests to Console Directory Watch.
[[0;32m  OK  [0m] Reached target Local Encrypted Volumes.
[[0;32m  OK  [0m] Reached target Local File Systems (Pre).
[[0;32m  OK  [0m] Reached target Local File Systems.
         Starting Set console font and keymap...
         Starting Create Volatile Files and Directories...
         Starting AppArmor initialization...
         Starting ebtables ruleset management...
         Starting Commit a transient machine-id on disk...
         Starting Tell Plymouth To Write Out Runtime Data...
[[0;32m  OK  [0m] Mounted Arbitrary Executable File Formats File System.
[[0;32m  OK  [0m] Started Create Volatile Files and Directories.
         Starting Update UTMP about System Boot/Shutdown...
[[0;32m  OK  [0m] Started Tell Plymouth To Write Out Runtime Data.
[[0;32m  OK  [0m] Started Commit a transient machine-id on disk.
[[0;32m  OK  [0m] Started Update UTMP about System Boot/Shutdown.
[[0;32m  OK  [0m] Started ebtables ruleset management.
[[0;32m  OK  [0m] Started AppArmor initialization.
         Starting Load AppArmor profiles managed internally by snapd...
         Starting Initial cloud-init job (pre-networking)...
[[0;32m  OK  [0m] Started Load AppArmor profiles managed internally by snapd.
[[0;32m  OK  [0m] Started Set console font and keymap.
[   13.591005] cloud-init[763]: Cloud-init v. 23.1.2-0ubuntu0~18.04.1 running 'init-local' at Mon, 11 Nov 2024 00:56:54 +0000. Up 13.13 seconds.
[[0;32m  OK  [0m] Started Initial cloud-init job (pre-networking).
[[0;32m  OK  [0m] Reached target Network (Pre).
         Starting Network Service...
[[0;32m  OK  [0m] Started Network Service.
         Starting Network Name Resolution...
         Starting Wait for Network to be Configured...
[[0;32m  OK  [0m] Started Network Name Resolution.
[[0;32m  OK  [0m] Reached target Network.
[[0;32m  OK  [0m] Reached target Host and Network Name Lookups.
[[0;32m  OK  [0m] Started Wait for Network to be Configured.
         Starting Initial cloud-init job (metadata service crawler)...
[   15.502418] cloud-init[889]: Cloud-init v. 23.1.2-0ubuntu0~18.04.1 running 'init' at Mon, 11 Nov 2024 00:56:56 +0000. Up 15.35 seconds.
[   15.516065] cloud-init[889]: ci-info: ++++++++++++++++++++++++++++++++++++++Net device info+++++++++++++++++++++++++++++++++++++++
[   15.537142] cloud-init[889]: ci-info: +--------+-------+----------------------------+---------------+--------+-------------------+
[   15.554569] cloud-init[889]: ci-info: | Device |   Up  |          Address           |      Mask     | Scope  |     Hw-Address    |
[   15.569035] cloud-init[889]: ci-info: +--------+-------+----------------------------+---------------+--------+-------------------+
[   15.577784] cloud-init[889]: ci-info: | enp0s3 |  True |         10.0.2.15          | 255.255.255.0 | global | 02:3b:7b:b7:3b:2d |
[   15.581935] cloud-init[889]: ci-info: | enp0s3 |  True | fd00::3b:7bff:feb7:3b2d/64 |       .       | global | 02:3b:7b:b7:3b:2d |
[   15.588500] cloud-init[889]: ci-info: | enp0s3 |  True | fe80::3b:7bff:feb7:3b2d/64 |       .       |  link  | 02:3b:7b:b7:3b:2d |
[   15.592295] cloud-init[889]: ci-info: | enp0s8 | False |             .              |       .       |   .    | 08:00:27:39:e6:e5 |
[   15.597033] cloud-init[889]: ci-info: |   lo   |  True |         127.0.0.1          |   255.0.0.0   |  host  |         .         |
[   15.614945] cloud-init[889]: ci-info: |   lo   |  True |          ::1/128           |       .       |  host  |         .         |
[   15.619701] cloud-init[889]: ci-info: +--------+-------+----------------------------+---------------+--------+-------------------+
[   15.624198] cloud-init[889]: ci-info: ++++++++++++++++++++++++++++Route IPv4 info+++++++++++++++++++++++++++++
[   15.627541] cloud-init[889]: ci-info: +-------+-------------+----------+-----------------+-----------+-------+
[   15.633096] cloud-init[889]: ci-info: | Route | Destination | Gateway  |     Genmask     | Interface | Flags |
[   15.642076] cloud-init[889]: ci-info: +-------+-------------+----------+-----------------+-----------+-------+
[   15.647261] cloud-init[889]: ci-info: |   0   |   0.0.0.0   | 10.0.2.2 |     0.0.0.0     |   enp0s3  |   UG  |
[   15.652128] cloud-init[889]: ci-info: |   1   |   10.0.2.0  | 0.0.0.0  |  255.255.255.0  |   enp0s3  |   U   |
[   15.668017] cloud-init[889]: ci-info: |   2   |   10.0.2.2  | 0.0.0.0  | 255.255.255.255 |   enp0s3  |   UH  |
[   15.683628] cloud-init[889]: ci-info: +-------+-------------+----------+-----------------+-----------+-------+
[   15.695524] cloud-init[889]: ci-info: +++++++++++++++++++Route IPv6 info+++++++++++++++++++
[   15.722863] cloud-init[889]: ci-info: +-------+-------------+---------+-----------+-------+
[   15.741546] cloud-init[889]: ci-info: | Route | Destination | Gateway | Interface | Flags |
[   15.759141] cloud-init[889]: ci-info: +-------+-------------+---------+-----------+-------+
[   15.766009] cloud-init[889]: ci-info: |   1   |  fd00::/64  |    ::   |   enp0s3  |   U   |
[   15.772458] cloud-init[889]: ci-info: |   2   |  fe80::/64  |    ::   |   enp0s3  |   U   |
[   15.780349] cloud-init[889]: ci-info: |   3   |     ::/0    | fe80::2 |   enp0s3  |   UG  |
[   15.787726] cloud-init[889]: ci-info: |   5   |    local    |    ::   |   enp0s3  |   U   |
[   15.795417] cloud-init[889]: ci-info: |   6   |   ff00::/8  |    ::   |   enp0s3  |   U   |
[   15.808136] cloud-init[889]: ci-info: +-------+-------------+---------+-----------+-------+
[   16.700670] cloud-init[889]: Generating public/private rsa key pair.
[   16.710410] cloud-init[889]: Your identification has been saved in /etc/ssh/ssh_host_rsa_key.
[   16.732941] cloud-init[889]: Your public key has been saved in /etc/ssh/ssh_host_rsa_key.pub.
[   16.740636] cloud-init[889]: The key fingerprint is:
[   16.750875] cloud-init[889]: SHA256:Mqi6lZ8gNM4k0hJIBh+h5zzn0TlSVB7d8+5gyz+zxLI root@ubuntu-bionic
[   16.753453] cloud-init[889]: The key's randomart image is:
[   16.755325] cloud-init[889]: +---[RSA 2048]----+
[   16.764260] cloud-init[889]: |ooo.  ..o. .     |
[   16.774574] [[0;32m  OK  [0m] Started Initial cloud-init job (metadata service crawler).
[[0;32m  OK  [0mcloud-init[889]: |+o . . . .. o    |
[   16.781628] cloud-init[889]: |+ o   . .    o   |
[   16.783551] ] Reached target Cloud-config availability.
[[0;32m  OK  [0m] Reached target System Initialization.
[[0;32m  OK  [0m] cloud-init[889]: | *   + .      .  |
[   16.789772] cloud-init[889]: Listening on UUID daemon activation socket.
[[0;32m  OK  [0m] Listening on cloud-init hotplug hook socket.
[[0;32m  OK  [0m] Started Ubuntu Advantage Timer for running repeated jobs.
[[0;32m  OK  [0m] |++= = * S    .   |
[   16.804015] Started Discard unused blocks once a week.
[[0;32m  OK  [0m] Listening on ACPID Listen Socket.
         Starting Socket activation for snappy daemon.
cloud-init[889]: |B..* o +    o..  |
         Starting LXD - unix socket.
[   16.812621] cloud-init[889]: |.o= .      o.+o  |
[[0;32m  OK  [0m] Listening on Open-iSCSI iscsid Socket.
[[0;32m  OK  [0m] Started Message of the Day.
[[0;32m  OK  [0m] Started Daily apt download activities.
[[0;32m  OK  [0m] Listening on D-Bus System Message Bus Socket.
[[0;32m  OK  [0m] Started Daily Cleanup of Temporary Directories.
[[0;32m  OK  [0m] Started Daily apt upgrade and clean activities.
[   16.827356] cloud-init[889]: | + o .      o++  |
[[0;32m  OK  [0m] Reached target Timers.
[   16.835177] cloud-init[889]: |o.  o       E.o+ |[[0;32m  OK  [0m] Started ACPI Events Check.
[[0;32m  OK  [0m] Reached target Paths.
[   16.841342] cloud-init[889]: +----[SHA256]-----+
[   16.843333] 
[[0;32m  OK  [0m] Reached target Network is Online.
cloud-init[[0;32m  OK  [0m] Reached target Remote File Systems (Pre).
[[0;32m  OK  [0m] Reached target Remote File Systems.
[889]: Generating public/private dsa key pair.
[   16.853401] cloud-init[889]: Your identification has been saved in /etc/ssh/ssh_host_dsa_key.
[   16.855732] cloud-init[889]: Your public key has been saved in /etc/ssh/ssh_host_dsa_key.pub.         Starting Availability of block devices...
[[0;32m  OK  [0m] Listening on Socket activation for snappy daemon.
[[0;32m  OK  [0m] Listening on LXD - unix socket.
[   16.881635] cloud-init[889]: 
[[0;32m  OK  [0m] Started Availability of block devices.The key fingerprint is:

[[0;32m  OK  [0m] Reached target Sockets.[   16.905251] cloud-init[889]: SHA256:Mx2c/Z8AMJfferIZKbugfxSDDp71VbAjp6l2M1AttDc root@ubuntu-bionic

[[0;32m  OK  [0m] Reached target Basic System.
         Starting Pollinate to seed the pseudo random number generator...
         Starting Accounts Service...
         Starting Permit User Sessions...[   16.929736] 
[[0;32m  OK  [0m] Started Deferred execution scheduler.
cloud-init[889]: The key's randomart image is:
         Starting LSB: Record successful boot for GRUB...
         Starting System Logging Service...
[   16.967579]          Starting LSB: automatic crash report generation...cloud-init
[[0;32m  OK  [0m] Reached target Login Prompts (Pre).
[889]: +---[DSA 1024]----+
[   16.987348] cloud-init[889]: |         o o...  |
[[0;32m  OK  [0m] Started Regular background program processing daemon.
         Starting LXD - container startup/shutdown...
[   17.034374] cloud-init[889]: |         .=+o .. |
[   17.042346] cloud-init[889]: |          =*oEo  |
[   17.046827] cloud-init[889]: |       . +.+O+o. |
[[0;32m  OK  [0m] Started irqbalance daemon.
         Starting Virtualbox guest utils...
[[0;32m  OK  [0m] Started FUSE filesystem for LXC.[   17.066528] cloud-init
         Starting Login Service...
[889]: |      . S.oo+.+  |
[   17.123772] cloud-init[889]: |       o +o+ =.o.|
[   17.148829] cloud-init[889]: |         +.+o *..|
[   17.171606] cloud-init[889]: |        o oooo   |
[   17.206226] cloud-init[889]:          Starting Dispatcher daemon for systemd-networkd...
[[0;32m  OK  [0m] Started D-Bus System Message Bus.|       ......    |

[   17.247037] cloud-init[889]: +----[SHA256]-----+
[   17.262145] cloud-init[889]: Generating public/private ecdsa key pair.
[   17.278990] cloud-init[889]: Your identification has been saved in /etc/ssh/ssh_host_ecdsa_key.
[   17.318176] cloud-init[889]: Your public key has been saved in /etc/ssh/ssh_host_ecdsa_key.pub.
[   17.352322] cloud-init[889]: The key fingerprint is:
[   17.365030] cloud-init[889]: SHA256:0ZqYR2DIoiYK2qDpehV1AFdChJmnsRzVNPXi6UXuGJ4 root@ubuntu-bionic
[   17.384397] cloud-init[889]: The key's randomart image is:
[   17.403438] cloud-init         Starting Snap Daemon...
[[0;32m  OK  [0m] Started System Logging Service.
[889]: [[0;32m  OK  [0m] +---[ECDSA 256]---+
Started Permit User Sessions.
[[0;32m  OK  [0m] Started LXD - container startup/shutdown.
[[0;32m  OK  [0m] Started Login Service.
[[0;32m  OK  [0m[   17.530187] cloud-init] Started Unattended Upgrades Shutdown.
         Starting Hostname Service...
         Starting Terminate Plymouth Boot Screen...
         Starting Hold until boot process finishes up...
[[0;32m  OK  [0m] Started Terminate Plymouth Boot Screen.
[[0;32m  OK  [0m] Started Hold until boot process finishes up.
[889]: |   ..XX=+..      |
         Starting Authorization Manager...
         Starting Set console scheme...
[[0;32m  OK  [0m] Started Serial Getty on ttyS0.
[[0;32m  OK  [0m] Started Set console scheme.
[[0;32m  OK  [0m] Created slice system-getty.slice.
[   17.686797] [[0;32m  OK  [0m] Started Getty on tty1.
[[0;32m  OK  [0m] Reached target Login Prompts.
[[0;32m  OK  [0m] Started LSB: Record successful boot for GRUB.
cloud-init[[0;32m  OK  [0m] Started Hostname Service.
[889]: |  . Oooooo .     |
[   17.733782] cloud-init[889]: [[0;32m  OK  [0m] | . o B .o o o    |
Started LSB: automatic crash report generation.
[   17.756787] [[0;32m  OK  [0m] Started Authorization Manager.
cloud-init[889]: |=.  =  + = =     |
[   17.795634] cloud-init[889]: |B+   .o S + o    |
[   17.807227] cloud-init[[0;32m  OK  [0m] Started Accounts Service.
[889]: |= . .  . o *     |
[   17.844262] cloud-init[889]: |.  .      E .    |
[   17.900797] cloud-init[889]: | ..              |
[   17.938682] cloud-init[889]: |o.               |
[   17.974448] cloud-init[889]: +----[SHA256]-----+
[   17.996545] cloud-init[889]: Generating public/private ed25519 key pair.
[   18.003050] cloud-init[889]: Your identification has been saved in /etc/ssh/ssh_host_ed25519_key.
[   18.024550] cloud-init[889]: Your public key has been saved in /etc/ssh/ssh_host_ed25519_key.pub.
[   18.037736] cloud-init[889]: The key fingerprint is:
[   18.050110] cloud-init[889]: SHA256:iMPZCuUZKkl/hu5y4B7HVlqj7lJgugA4CeB38HJ+sjU root@ubuntu-bionic
[   18.066581] cloud-init[889]: The key's randomart image is:
[   18.077984] cloud-init[889]: +--[ED25519 256]--+
[   18.093446] cloud-init[889]: |o  .             |
[   18.116376] cloud-init[889]: |o   o            |
[   18.125355] cloud-init[889]: |o+ oo+           |
[   18.139403] cloud-init[889]: |*+o=** .         |
[   18.151502] cloud-init[889]: |*.+oBOoES        |
[   18.162554] cloud-init[889]: |ooooBo* .        |
[   18.178034] cloud-init[889]: |oooB..           |
[   18.188880] cloud-init[889]: |.+*.             |
[   18.209890] cloud-init[889]: |..=+             |
[   18.221888] cloud-init[889]: +----[SHA256]-----+
[[0;32m  OK  [0m] Started Virtualbox guest utils.
[[0;32m  OK  [0m] Started Dispatcher daemon for systemd-networkd.
[[0;32m  OK  [0m] Started Pollinate to seed the pseudo random number generator.
         Starting OpenBSD Secure Shell server...
[[0;32m  OK  [0m] Started Snap Daemon.
         Starting Wait until snapd is fully seeded...
[[0;32m  OK  [0m] Started OpenBSD Secure Shell server.
[[0;32m  OK  [0m] Created slice User Slice of vagrant.
         Starting User Manager for UID 1000...
[[0;32m  OK  [0m] Started Session 1 of user vagrant.
[[0;32m  OK  [0m] Started User Manager for UID 1000.
         Starting Time & Date Service...
[[0;32m  OK  [0m] Started Time & Date Service.

Ubuntu 18.04.6 LTS ubuntu-bionic ttyS0

ubuntu-bionic login: [   26.536490] cloud-init[1501]: Cloud-init v. 23.1.2-0ubuntu0~18.04.1 running 'modules:config' at Mon, 11 Nov 2024 00:57:07 +0000. Up 25.93 seconds.
ci-info: no authorized SSH keys fingerprints found for user ubuntu.
<14>Nov 11 00:57:08 cloud-init: #############################################################
<14>Nov 11 00:57:08 cloud-init: -----BEGIN SSH HOST KEY FINGERPRINTS-----
<14>Nov 11 00:57:08 cloud-init: 1024 SHA256:Mx2c/Z8AMJfferIZKbugfxSDDp71VbAjp6l2M1AttDc root@ubuntu-bionic (DSA)
<14>Nov 11 00:57:08 cloud-init: 256 SHA256:0ZqYR2DIoiYK2qDpehV1AFdChJmnsRzVNPXi6UXuGJ4 root@ubuntu-bionic (ECDSA)
<14>Nov 11 00:57:08 cloud-init: 256 SHA256:iMPZCuUZKkl/hu5y4B7HVlqj7lJgugA4CeB38HJ+sjU root@ubuntu-bionic (ED25519)
<14>Nov 11 00:57:08 cloud-init: 2048 SHA256:Mqi6lZ8gNM4k0hJIBh+h5zzn0TlSVB7d8+5gyz+zxLI root@ubuntu-bionic (RSA)
<14>Nov 11 00:57:08 cloud-init: -----END SSH HOST KEY FINGERPRINTS-----
<14>Nov 11 00:57:08 cloud-init: #############################################################
-----BEGIN SSH HOST KEY KEYS-----
ecdsa-sha2-nistp256 AAAAE2VjZHNhLXNoYTItbmlzdHAyNTYAAAAIbmlzdHAyNTYAAABBBJQ4hgZclzrkeLjF6M3fSDFGrOk4cGUn9oGnZ+L06DrHmBxEvxU7YNyx1G0qor7m4GcFhgMFmEXI/zDBFk3w43Q= root@ubuntu-bionic
ssh-ed25519 AAAAC3NzaC1lZDI1NTE5AAAAIIbjFZjrLWviOs3oC4gDJ7gcBBe3xvorlOvvr2RNI55G root@ubuntu-bionic
ssh-rsa AAAAB3NzaC1yc2EAAAADAQABAAABAQDTzA9AO0ytj7NGmoAMLBWSWENWc6ROXZ56U6gA2rUFGJl296lBO1TuyrTPlsmBJpSGwboE2QoVwbf8O6K7JZCLKt2f3rD/I295iu/nZ1MQSmTYn4KoCx/OVMdJUgAUS0ddmzsP+QYGWbAr4PxtfhHnBa2Wm2jmwhAS/VPQASfom5/zsUyNFc0F34REZyZVIwGrVMsfYEODLe/1HKFfrIJrbLkU/mK6dP59ofXpjW/qcFEc9iUKnrvqTyP+OUYQtY3vUFf6Oc+nlyuD4LVC4D4g9yWiKG/a+aZb4pihwOflwBp6G6K+Mff20VSXwGgiwEY47iCtfgolj2bKfzPsiZ2F root@ubuntu-bionic
-----END SSH HOST KEY KEYS-----
[   27.577526] cloud-init[1646]: Cloud-init v. 23.1.2-0ubuntu0~18.04.1 running 'modules:final' at Mon, 11 Nov 2024 00:57:08 +0000. Up 27.29 seconds.
[   27.605332] cloud-init[1646]: Cloud-init v. 23.1.2-0ubuntu0~18.04.1 finished at Mon, 11 Nov 2024 00:57:08 +0000. Datasource DataSourceNoCloud [seed=/dev/sdb][dsmode=net].  Up 27.56 seconds
